
Performing only lexical analysis at testScripts/scripts/001-comments.txt
No errors found
