
Performing only lexical analysis at testScripts/scripts/004-invalidChar.txt
Scanner::Invalid char ''' at line 4 column 1
