
Performing up to syntactic analysis at testScripts/scripts/102-programTokenMissing.txt
Parser::Expected 'program' but 'p' was found at line 3 column 1
