
Performing up to syntactic analysis at testScripts/scripts/103-identifierTokenMissing.txt
Parser::Expected '<identifier>' but ';' was found at line 3 column 9
