
Performing up to syntactic analysis at testScripts/scripts/104-semicolonMissing.txt
Parser::Expected ';' but 'begin' was found at line 4 column 1
