
Performing up to syntactic analysis at testScripts/scripts/106-endTokenMissing.txt
Parser::Expected '<comando>' or 'end' but '.' was found at line 4 column 7
