
Performing up to syntactic analysis at testScripts/scripts/109-booleanVar.txt
No errors found
