
Performing up to syntactic analysis at testScripts/scripts/110-integerVar.txt
No errors found
