
Performing up to syntactic analysis at testScripts/scripts/111-multipleVars.txt
No errors found
