
Performing up to syntactic analysis at testScripts/scripts/114-missingIdentifierOnDeclaration.txt
Parser::Expected '<identifier>' but ':' was found at line 4 column 9
