
Performing up to syntactic analysis at testScripts/scripts/115-missingTwoDotsOnDeclaration.txt
Parser::Expected ':' but 'boolean' was found at line 4 column 11
