
Performing up to syntactic analysis at testScripts/scripts/118-intLiteralExpression.txt
No errors found
