
Performing up to syntactic analysis at testScripts/scripts/119-varExpression.txt
No errors found
