
Performing up to syntactic analysis at testScripts/scripts/121-parenthesesExpression.txt
No errors found
