
Performing up to syntactic analysis at testScripts/scripts/123-missingCloseParenthesesExpression.txt
Parser::Expected ')' but ';' was found at line 5 column 15
