
Performing up to syntactic analysis at testScripts/scripts/126-opAdExpression.txt
No errors found
