
Performing up to syntactic analysis at testScripts/scripts/127-opRelExpression.txt
No errors found
