
Performing up to syntactic analysis at testScripts/scripts/128-multipleOpRelExpression.txt
Parser::Expected ';' but '<' was found at line 5 column 16
