
Performing up to syntactic analysis at testScripts/scripts/132-ifCommandWithoutThen.txt
Parser::Expected 'then' but 'a' was found at line 6 column 9
