
Performing up to syntactic analysis at testScripts/scripts/137-nestedIfCommands.txt
No errors found
