
Performing up to syntactic analysis at testScripts/scripts/138-whileCommand.txt
No errors found
