
Performing up to syntactic analysis at testScripts/scripts/140-whileCommandWithoutCommand.txt
Parser::Expected <comando> but ';' was found at line 6 column 5
