
Performing up to syntactic analysis at testScripts/scripts/147-complexCommand.txt
No errors found
