
Performing up to syntactic analysis and printing the AST tree at testScripts/scripts/210-intExpressionsAST.txt
No errors found

Programa 'p'
Declarações:
    'i1': INTEGER
    'i2': INTEGER
    'i3': INTEGER
    'i4': INTEGER
    'i5': INTEGER
Corpo:
    'i1' :=
        ADD
            'i1'
            'i2'
    'i1' :=
        ADD
            ADD
                'i1'
                'i2'
            'i3'
    'i1' :=
        SUB
            'i1'
            'i2'
    'i1' :=
        SUB
            SUB
                'i1'
                'i2'
            'i3'
    'i2' :=
        SUB
            ADD
                SUB
                    ADD
                        'i1'
                        'i2'
                    'i3'
                'i4'
            'i5'
    'i1' :=
        MULT
            'i1'
            'i2'
    'i1' :=
        MULT
            MULT
                'i1'
                'i2'
            'i3'
    'i1' :=
        DIV
            'i1'
            'i2'
    'i1' :=
        DIV
            DIV
                'i1'
                'i2'
            'i3'
    'i2' :=
        DIV
            MULT
                DIV
                    MULT
                        'i1'
                        'i2'
                    'i3'
                'i4'
            'i5'
    'i1' :=
        ADD
            MULT
                'i1'
                'i2'
            'i3'
    'i1' :=
        MULT
            'i1'
            ADD
                'i2'
                'i3'
    'i1' :=
        SUB
            MULT
                'i1'
                'i2'
            'i3'
    'i1' :=
        MULT
            'i1'
            SUB
                'i2'
                'i3'
    'i1' :=
        ADD
            DIV
                'i1'
                'i2'
            'i3'
    'i1' :=
        DIV
            'i1'
            ADD
                'i2'
                'i3'
    'i1' :=
        SUB
            DIV
                'i1'
                'i2'
            'i3'
    'i1' :=
        DIV
            'i1'
            SUB
                'i2'
                'i3'
    'i2' :=
        ADD
            'i1'
            MULT
                'i2'
                'i3'
    'i2' :=
        MULT
            ADD
                'i1'
                'i2'
            'i3'
    'i2' :=
        SUB
            'i1'
            MULT
                'i2'
                'i3'
    'i2' :=
        MULT
            SUB
                'i1'
                'i2'
            'i3'
    'i2' :=
        ADD
            'i1'
            DIV
                'i2'
                'i3'
    'i2' :=
        DIV
            ADD
                'i1'
                'i2'
            'i3'
    'i2' :=
        SUB
            'i1'
            DIV
                'i2'
                'i3'
    'i2' :=
        DIV
            SUB
                'i1'
                'i2'
            'i3'
