
Performing up to content analysis at testScripts/scripts/304-declaredVar.txt
No errors found
