
Performing up to content analysis at testScripts/scripts/306-wellFormedExpressions.txt
No errors found
