
Performing up to content analysis at testScripts/scripts/308-validIfExpression.txt
No errors found
