
Performing up to content analysis at testScripts/scripts/309-invalidIfExpression.txt
ContexAnalyser::if requires a BOOLEAN expression at line 6 column 8, but expression has a INTEGER type
