
Performing up to content analysis at testScripts/scripts/310-validWhileExpression.txt
No errors found
