
Performing up to content analysis at testScripts/scripts/312-errorInsideIf.txt
ContexAnalyser::var 'b1' at line 6 column 9 was never declared
