
Performing build generation and running at testScripts/scripts/501-basicProgram.txt
No errors found
Building the program

********** TAM Interpreter (Java Version 2.1) **********

Program has halted normally.
